Microchip MPLAB XC8 Compiler V3.00

Linker command line:

-W-3 \
  --edf=C:/Program Files/Microchip/MPLABX/v6.25/packs/Microchip/PIC18F-Q_DFP/1.27.449/xc8\pic\dat\20250204174324_en.msgs \
  -pivt0x8=08h -cn -h+dist/default/production\ase-rpm-01.X.production.sym \
  --cmf=dist/default/production\ase-rpm-01.X.production.cmf -z -Q18F06Q41 \
  -oC:\Users\Niels\AppData\Local\Temp\xcAs11e4.\driver_tmp_3.o \
  --defsym=__MPLAB_BUILD=1 --fixupoverflow=error \
  -Mdist/default/production/ase-rpm-01.X.production.map \
  --md=C:\Users\Niels\AppData\Local\Temp\xcAs11e4.\driver_tmp_0.dat -E1 \
  -ver=XC8 Compiler -ACODE=00h-0FFFFh -ACONST=00h-0FFFFh \
  -ASMALLCONST=01600h-016FFhx234 -AMEDIUMCONST=01600h-0FFFFh \
  -ACOMRAM=0501h-055Fh -AABS1=0500h-014FFh -ABIGRAM=0501h-014FFh \
  -ARAM=0560h-05FFh,0600h-06FFhx15 -ABANK5=0560h-05FFh -ABANK6=0600h-06FFh \
  -ABANK7=0700h-07FFh -ABANK8=0800h-08FFh -ABANK9=0900h-09FFh \
  -ABANK10=0A00h-0AFFh -ABANK11=0B00h-0BFFh -ABANK12=0C00h-0CFFh \
  -ABANK13=0D00h-0DFFh -ABANK14=0E00h-0EFFh -ABANK15=0F00h-0FFFh \
  -ABANK16=01000h-010FFh -ABANK17=01100h-011FFh -ABANK18=01200h-012FFh \
  -ABANK19=01300h-013FFh -ABANK20=01400h-014FFh \
  -ASFR=00h-0FFhx4,0400h-045Fh,0460h-04FFh,01500h-015FFh \
  -ABIGSFR=00h-04FFh,01500h-015FFh -ACONFIG=0300000h-0300011h \
  -AIDLOC=0200000h-020003Fh -AEEDATA=0380000h-03801FFh -peeprom_data=EEDATA \
  -preset_vec=00h -ppowerup=CODE,init -pramtop=01600h \
  -psmallconst=SMALLCONST -pmediumconst=MEDIUMCONST -pconst=CONST \
  -AFARRAM=00h-00h \
  -prdata=COMRAM,nvrram=COMRAM,nvbit=COMRAM,rbss=COMRAM,rbit=COMRAM \
  -pfarbss=FARRAM,fardata=FARRAM,nvFARRAM=FARRAM \
  -pintsave_regs=BIGRAM,bigbss=BIGRAM,bigdata=BIGRAM -pbss=RAM \
  -pidata=CODE,irdata=CODE,ibigdata=CODE,ifardata=CODE -prparam=COMRAM \
  C:\Users\Niels\AppData\Local\Temp\xcAs11e4.\driver_tmp_9.o \
  dist/default/production\ase-rpm-01.X.production.o 

Object code version is 3.11

Machine type is 18F06Q41



                Name                               Link     Load   Length Selector   Space Scale
C:\Users\Niels\AppData\Local\Temp\xcAs11e4.\driver_tmp_9.o
                config                           300000   300000        9        0       4
                init                                 1A       1A        4        4       0
                reset_vec                             0        0        4        0       0
dist/default/production\ase-rpm-01.X.production.o
                config                           300000   300000        9        0       4
                smallconst                         1600     1600       14      B00       0
                ivt0x8                                8        8       12        4       0
                text22                             172A     172A       82      B0A       0
                text21                             1AA6     1AA6        6      B0A       0
                text20                             1614     1614       8C      B0A       0
                text19                             1AA0     1AA0        6      B0A       0
                text18                             16A0     16A0       8A      B0A       0
                text17                             1A62     1A62       14      B0A       0
                text16                             1A46     1A46       1C      B0A       0
                text15                             19B8     19B8       1E      B0A       0
                text14                             1A2A     1A2A       1C      B0A       0
                text13                             199A     199A       1E      B0A       0
                text12                             1A76     1A76        C      B0A       0
                text11                             17AC     17AC       70      B0A       0
                text10                             1A96     1A96        A      B0A       0
                text9                              1A8C     1A8C        A      B0A       0
                text8                              1A82     1A82        A      B0A       0
                text7                              1924     1924       34      B0A       0
                text6                              181C     181C       62      B0A       0
                text5                              1A0E     1A0E       1C      B0A       0
                text4                              19F2     19F2       1C      B0A       0
                text3                              19D6     19D6       1C      B0A       0
                text2                              187E     187E       5E      B0A       0
                text1                              1958     1958       22      B0A       0
                text0                              18DC     18DC       48      B0A       0
                cstackCOMRAM                        516      516        4      501       1
                bssCOMRAM                           501      501       15      501       1
                cinit                              197A     197A       20      B0A       0

TOTAL           Name                               Link     Load   Length     Space
        CLASS   CODE           
                init                                 1A       1A        4         0
                reset_vec                             0        0        4         0
                ivt0x8                                8        8       12         0
                text22                             172A     172A       82         0
                text21                             1AA6     1AA6        6         0
                text20                             1614     1614       8C         0
                text19                             1AA0     1AA0        6         0
                text18                             16A0     16A0       8A         0
                text17                             1A62     1A62       14         0
                text16                             1A46     1A46       1C         0
                text15                             19B8     19B8       1E         0
                text14                             1A2A     1A2A       1C         0
                text13                             199A     199A       1E         0
                text12                             1A76     1A76        C         0
                text11                             17AC     17AC       70         0
                text10                             1A96     1A96        A         0
                text9                              1A8C     1A8C        A         0
                text8                              1A82     1A82        A         0
                text7                              1924     1924       34         0
                text6                              181C     181C       62         0
                text5                              1A0E     1A0E       1C         0
                text4                              19F2     19F2       1C         0
                text3                              19D6     19D6       1C         0
                text2                              187E     187E       5E         0
                text1                              1958     1958       22         0
                text0                              18DC     18DC       48         0
                cinit                              197A     197A       20         0

        CLASS   CONST          

        CLASS   SMALLCONST     
                smallconst                         1600     1600       14         0

        CLASS   MEDIUMCONST    

        CLASS   COMRAM         
                cstackCOMRAM                        516      516        4         1
                bssCOMRAM                           501      501       15         1

        CLASS   ABS1           

        CLASS   BIGRAM         

        CLASS   RAM            

        CLASS   BANK5          

        CLASS   BANK6          

        CLASS   BANK7          

        CLASS   BANK8          

        CLASS   BANK9          

        CLASS   BANK10         

        CLASS   BANK11         

        CLASS   BANK12         

        CLASS   BANK13         

        CLASS   BANK14         

        CLASS   BANK15         

        CLASS   BANK16         

        CLASS   BANK17         

        CLASS   BANK18         

        CLASS   BANK19         

        CLASS   BANK20         

        CLASS   SFR            

        CLASS   BIGSFR         

        CLASS   CONFIG         
                config                           300000   300000        9         4

        CLASS   IDLOC          

        CLASS   EEDATA         

        CLASS   FARRAM         

        CLASS   HEAP           

        CLASS   STACK          



SEGMENTS        Name                           Load    Length   Top    Selector   Space  Class

                reset_vec                      000000  000004  000004         0       0  CODE    
                ivt0x8                         000008  000016  00001E         4       0  CODE    
                bssCOMRAM                      000501  000019  00051A       501       1  COMRAM  
                smallconst                     001600  000014  001614       B00       0  SMALLCON
                text20                         001614  000498  001AAC       B0A       0  CODE    


UNUSED ADDRESS RANGES

        Name                Unused          Largest block    Delta
        BANK10           000A00-000AFF              100
        BANK11           000B00-000BFF              100
        BANK12           000C00-000CFF              100
        BANK13           000D00-000DFF              100
        BANK14           000E00-000EFF              100
        BANK15           000F00-000FFF              100
        BANK16           001000-0010FF              100
        BANK17           001100-0011FF              100
        BANK18           001200-0012FF              100
        BANK19           001300-0013FF              100
        BANK20           001400-0014FF              100
        BANK5            000560-0005FF               A0
        BANK6            000600-0006FF              100
        BANK7            000700-0007FF              100
        BANK8            000800-0008FF              100
        BANK9            000900-0009FF              100
        BIGRAM           00051A-0014FF              FE6
        BIGSFR           000000-0004FF              500
                         001500-0015FF              100
        CODE             000004-000007                4
                         00001E-0015FF             15E2
                         001AAC-00FFFF             E554
        COMRAM           00051A-00055F               46
        CONFIG           300009-300011                9
        CONST            000004-000007                4
                         00001E-0015FF             15E2
                         001AAC-00FFFF             E554
        EEDATA           380000-3801FF              200
        IDLOC            200000-20003F               40
        MEDIUMCONST      001AAC-00FFFF             E554
        RAM              000560-0014FF              100
        SFR              000000-0004FF              100
                         001500-0015FF              100
        SMALLCONST       001AAC-00FFFF              100

                                  Symbol Table

CMP1_InterruptCallbackRegister@callbackHandler     cstackCOMRAM 000516
CMP2_InterruptCallbackRegister@callbackHandler     cstackCOMRAM 000516
INT0_SetInterruptHandler@InterruptHandler          cstackCOMRAM 000516
INT1_SetInterruptHandler@InterruptHandler          cstackCOMRAM 000516
INT2_SetInterruptHandler@InterruptHandler          cstackCOMRAM 000516
IVTBASEH                                           (abs)        00045E
IVTBASEL                                           (abs)        00045D
IVTBASEU                                           (abs)        00045F
UART1_FramingErrorCallbackRegister@callbackHandler cstackCOMRAM 000516
UART1_OverrunErrorCallbackRegister@callbackHandler cstackCOMRAM 000516
UART1_ParityErrorCallbackRegister@callbackHandler  cstackCOMRAM 000516
_ACTCON                                            (abs)        0000AC
_ANSELA                                            (abs)        000400
_ANSELC                                            (abs)        000410
_CLOCK_Initialize                                  text17       001A62
_CM1CON0                                           (abs)        000070
_CM1CON0bits                                       (abs)        000070
_CM1CON1                                           (abs)        000071
_CM1NCH                                            (abs)        000072
_CM1PCH                                            (abs)        000073
_CM2CON0                                           (abs)        000074
_CM2CON0bits                                       (abs)        000074
_CM2CON1                                           (abs)        000075
_CM2NCH                                            (abs)        000076
_CM2PCH                                            (abs)        000077
_CMP1_DefaultInterruptCallback                     (abs)        000000
_CMP1_Initialize                                   text15       0019B8
_CMP1_InterruptCallbackRegister                    text16       001A46
_CMP1_InterruptHandler                             bssCOMRAM    000513
_CMP2_DefaultInterruptCallback                     (abs)        000000
_CMP2_Initialize                                   text13       00199A
_CMP2_InterruptCallbackRegister                    text14       001A2A
_CMP2_InterruptHandler                             bssCOMRAM    000511
_DAC2CON                                           (abs)        0000A2
_DAC2DATL                                          (abs)        0000A0
_DAC2_Initialize                                   text12       001A76
_I2C1ADB0                                          (abs)        00028E
_I2C1ADR0                                          (abs)        000290
_I2C1ADR1                                          (abs)        000291
_I2C1ADR2                                          (abs)        000292
_I2C1ADR3                                          (abs)        000293
_I2C1BAUD                                          (abs)        00029D
_I2C1CNTH                                          (abs)        00028D
_I2C1CNTL                                          (abs)        00028C
_I2C1CON0                                          (abs)        000294
_I2C1CON0bits                                      (abs)        000294
_I2C1CON1                                          (abs)        000295
_I2C1CON1bits                                      (abs)        000295
_I2C1CON2                                          (abs)        000296
_I2C1ERR                                           (abs)        000297
_I2C1ERRbits                                       (abs)        000297
_I2C1PIEbits                                       (abs)        00029B
_I2C1PIRbits                                       (abs)        00029A
_I2C1RXB                                           (abs)        00028A
_I2C1SCLPPS                                        (abs)        000271
_I2C1SDAPPS                                        (abs)        000270
_I2C1STAT0                                         (abs)        000298
_I2C1STAT0bits                                     (abs)        000298
_I2C1STAT1bits                                     (abs)        000299
_I2C1TXB                                           (abs)        00028B
_I2C1_CallbackRegister                             (abs)        000000
_I2C1_Client                                       smallconst   001601
_I2C1_Deinitialize                                 (abs)        000000
_I2C1_ERROR_ISR                                    text21       001AA6
_I2C1_ErrorEventHandler                            text22       00172A
_I2C1_ErrorGet                                     (abs)        000000
_I2C1_EventHandler                                 text20       001614
_I2C1_ISR                                          text19       001AA0
_I2C1_Initialize                                   text11       0017AC
_I2C1_InterruptHandler                             bssCOMRAM    00050F
_I2C1_LastByteAckStatusGet                         (abs)        000000
_I2C1_ReadByte                                     (abs)        000000
_I2C1_TransferDirGet                               (abs)        000000
_I2C1_WriteByte                                    (abs)        000000
_INLVLA                                            (abs)        000404
_INLVLC                                            (abs)        000414
_INT0_DefaultInterruptHandler                      (abs)        000000
_INT0_InterruptHandler                             bssCOMRAM    00050D
_INT0_SetInterruptHandler                          text10       001A96
_INT1_DefaultInterruptHandler                      (abs)        000000
_INT1_InterruptHandler                             bssCOMRAM    00050B
_INT1_SetInterruptHandler                          text9        001A8C
_INT2_DefaultInterruptHandler                      (abs)        000000
_INT2_InterruptHandler                             bssCOMRAM    000509
_INT2_SetInterruptHandler                          text8        001A82
_INTCON0bits                                       (abs)        0004D6
_INTERRUPT_Initialize                              text7        001924
_INTERRUPT_InterruptManager                        text18       0016A0
_IOCAF                                             (abs)        000407
_IOCAN                                             (abs)        000406
_IOCAP                                             (abs)        000405
_IOCCF                                             (abs)        000417
_IOCCN                                             (abs)        000416
_IOCCP                                             (abs)        000415
_LATA                                              (abs)        0004BE
_LATAbits                                          (abs)        0004BE
_LATC                                              (abs)        0004C0
_ODCONA                                            (abs)        000402
_ODCONC                                            (abs)        000412
_OSCCON1                                           (abs)        0000AD
_OSCCON3                                           (abs)        0000AF
_OSCEN                                             (abs)        0000B3
_OSCFRQ                                            (abs)        0000B1
_OSCTUNE                                           (abs)        0000B0
_PIE7bits                                          (abs)        0004AF
_PIN_MANAGER_Initialize                            text6        00181C
_PIR10bits                                         (abs)        0004BD
_PIR1bits                                          (abs)        0004B4
_PIR5bits                                          (abs)        0004B8
_PIR6bits                                          (abs)        0004B9
_PIR7bits                                          (abs)        0004BA
_RA5PPS                                            (abs)        000206
_RC0I2C                                            (abs)        000289
_RC0PPS                                            (abs)        000211
_RC1I2C                                            (abs)        000288
_RC1PPS                                            (abs)        000212
_SLRCONA                                           (abs)        000403
_SLRCONC                                           (abs)        000413
_SYSTEM_Initialize                                 text1        001958
_TRISA                                             (abs)        0004C6
_TRISC                                             (abs)        0004C8
_U1BRGH                                            (abs)        0002AF
_U1BRGL                                            (abs)        0002AE
_U1CON0                                            (abs)        0002AB
_U1CON0bits                                        (abs)        0002AB
_U1CON1                                            (abs)        0002AC
_U1CON1bits                                        (abs)        0002AC
_U1CON2                                            (abs)        0002AD
_U1ERRIE                                           (abs)        0002B3
_U1ERRIR                                           (abs)        0002B2
_U1ERRIRbits                                       (abs)        0002B2
_U1FIFO                                            (abs)        0002B0
_U1FIFObits                                        (abs)        0002B0
_U1P1H                                             (abs)        0002A6
_U1P1L                                             (abs)        0002A5
_U1P2H                                             (abs)        0002A8
_U1P2L                                             (abs)        0002A7
_U1P3H                                             (abs)        0002AA
_U1P3L                                             (abs)        0002A9
_U1RXB                                             (abs)        0002A1
_U1RXCHK                                           (abs)        0002A2
_U1RXPPS                                           (abs)        000272
_U1TXB                                             (abs)        0002A3
_U1TXCHK                                           (abs)        0002A4
_U1UIR                                             (abs)        0002B1
_U1UIRbits                                         (abs)        0002B1
_UART1_DefaultFramingErrorCallback                 (abs)        000000
_UART1_DefaultOverrunErrorCallback                 (abs)        000000
_UART1_DefaultParityErrorCallback                  (abs)        000000
_UART1_FramingErrorCallbackRegister                text5        001A0E
_UART1_FramingErrorHandler                         bssCOMRAM    000505
_UART1_Initialize                                  text2        00187E
_UART1_OverrunErrorCallbackRegister                text4        0019F2
_UART1_OverrunErrorHandler                         bssCOMRAM    000503
_UART1_ParityErrorCallbackRegister                 text3        0019D6
_UART1_ParityErrorHandler                          bssCOMRAM    000501
_WPUA                                              (abs)        000401
_WPUC                                              (abs)        000411
__HRAM                                             (abs)        000000
__H__absolute__                                    __absolute__ 000000
__Habs1                                            abs1         000000
__Hbank10                                          bank10       000000
__Hbank11                                          bank11       000000
__Hbank12                                          bank12       000000
__Hbank13                                          bank13       000000
__Hbank14                                          bank14       000000
__Hbank15                                          bank15       000000
__Hbank16                                          bank16       000000
__Hbank17                                          bank17       000000
__Hbank18                                          bank18       000000
__Hbank19                                          bank19       000000
__Hbank20                                          bank20       000000
__Hbank5                                           bank5        000000
__Hbank6                                           bank6        000000
__Hbank7                                           bank7        000000
__Hbank8                                           bank8        000000
__Hbank9                                           bank9        000000
__Hbigbss                                          bigbss       000000
__Hbigdata                                         bigdata      000000
__Hbigram                                          bigram       000000
__Hbigsfr                                          bigsfr       000000
__Hbss                                             bss          000000
__HbssCOMRAM                                       bssCOMRAM    000000
__Hcinit                                           cinit        000000
__Hclrtext                                         clrtext      000000
__Hcomram                                          comram       000000
__Hconfig                                          config       300009
__Hconst                                           const        000000
__HcstackCOMRAM                                    cstackCOMRAM 000000
__Hdata                                            data         000000
__Heeprom_data                                     eeprom_data  000000
__Hfarbss                                          farbss       000000
__Hfardata                                         fardata      000000
__Hheap                                            heap         000000
__Hibigdata                                        ibigdata     000000
__Hidata                                           idata        000000
__Hidloc                                           idloc        000000
__Hifardata                                        ifardata     000000
__Hinit                                            init         00001E
__Hintsave_regs                                    intsave_regs 000000
__Hirdata                                          irdata       000000
__Hivt0x8                                          ivt0x8       00001A
__Hmediumconst                                     mediumconst  000000
__HnvFARRAM                                        nvFARRAM     000000
__Hnvbit                                           nvbit        000000
__Hnvrram                                          nvrram       000000
__Hparam                                           rparam       000000
__Hpowerup                                         powerup      000000
__Hram                                             ram          000000
__Hramtop                                          ramtop       001600
__Hrbit                                            rbit         000000
__Hrbss                                            rbss         000000
__Hrdata                                           rdata        000000
__Hreset_vec                                       reset_vec    000004
__Hrparam                                          rparam       000000
__Hsfr                                             sfr          000000
__Hsmallconst                                      smallconst   001614
__Hspace_0                                         (abs)        001AAC
__Hspace_1                                         (abs)        00051A
__Hspace_2                                         (abs)        000000
__Hspace_4                                         (abs)        600009
__Hstack                                           stack        000000
__Hstruct                                          struct       000000
__Htemp                                            temp         000000
__Htext                                            text         000000
__Htext0                                           text0        000000
__Htext1                                           text1        000000
__Htext10                                          text10       000000
__Htext11                                          text11       000000
__Htext12                                          text12       000000
__Htext13                                          text13       000000
__Htext14                                          text14       000000
__Htext15                                          text15       000000
__Htext16                                          text16       000000
__Htext17                                          text17       000000
__Htext18                                          text18       000000
__Htext19                                          text19       000000
__Htext2                                           text2        000000
__Htext20                                          text20       000000
__Htext21                                          text21       000000
__Htext22                                          text22       000000
__Htext3                                           text3        000000
__Htext4                                           text4        000000
__Htext5                                           text5        000000
__Htext6                                           text6        000000
__Htext7                                           text7        000000
__Htext8                                           text8        000000
__Htext9                                           text9        000000
__LRAM                                             (abs)        000001
__L__absolute__                                    __absolute__ 000000
__Labs1                                            abs1         000000
__Lbank10                                          bank10       000000
__Lbank11                                          bank11       000000
__Lbank12                                          bank12       000000
__Lbank13                                          bank13       000000
__Lbank14                                          bank14       000000
__Lbank15                                          bank15       000000
__Lbank16                                          bank16       000000
__Lbank17                                          bank17       000000
__Lbank18                                          bank18       000000
__Lbank19                                          bank19       000000
__Lbank20                                          bank20       000000
__Lbank5                                           bank5        000000
__Lbank6                                           bank6        000000
__Lbank7                                           bank7        000000
__Lbank8                                           bank8        000000
__Lbank9                                           bank9        000000
__Lbigbss                                          bigbss       000000
__Lbigdata                                         bigdata      000000
__Lbigram                                          bigram       000000
__Lbigsfr                                          bigsfr       000000
__Lbss                                             bss          000000
__LbssCOMRAM                                       bssCOMRAM    000000
__Lcinit                                           cinit        000000
__Lclrtext                                         clrtext      000000
__Lcomram                                          comram       000000
__Lconfig                                          config       000000
__Lconst                                           const        000000
__LcstackCOMRAM                                    cstackCOMRAM 000000
__Ldata                                            data         000000
__Leeprom_data                                     eeprom_data  000000
__Lfarbss                                          farbss       000000
__Lfardata                                         fardata      000000
__Lheap                                            heap         000000
__Libigdata                                        ibigdata     000000
__Lidata                                           idata        000000
__Lidloc                                           idloc        000000
__Lifardata                                        ifardata     000000
__Linit                                            init         00001A
__Lintsave_regs                                    intsave_regs 000000
__Lirdata                                          irdata       000000
__Livt0x8                                          ivt0x8       000008
__Lmediumconst                                     mediumconst  000000
__LnvFARRAM                                        nvFARRAM     000000
__Lnvbit                                           nvbit        000000
__Lnvrram                                          nvrram       000000
__Lparam                                           rparam       000000
__Lpowerup                                         powerup      000000
__Lram                                             ram          000000
__Lramtop                                          ramtop       001600
__Lrbit                                            rbit         000000
__Lrbss                                            rbss         000000
__Lrdata                                           rdata        000000
__Lreset_vec                                       reset_vec    000000
__Lrparam                                          rparam       000000
__Lsfr                                             sfr          000000
__Lsmallconst                                      smallconst   001600
__Lspace_0                                         (abs)        000000
__Lspace_1                                         (abs)        000000
__Lspace_2                                         (abs)        000000
__Lspace_4                                         (abs)        000000
__Lstack                                           stack        000000
__Lstruct                                          struct       000000
__Ltemp                                            temp         000000
__Ltext                                            text         000000
__Ltext0                                           text0        000000
__Ltext1                                           text1        000000
__Ltext10                                          text10       000000
__Ltext11                                          text11       000000
__Ltext12                                          text12       000000
__Ltext13                                          text13       000000
__Ltext14                                          text14       000000
__Ltext15                                          text15       000000
__Ltext16                                          text16       000000
__Ltext17                                          text17       000000
__Ltext18                                          text18       000000
__Ltext19                                          text19       000000
__Ltext2                                           text2        000000
__Ltext20                                          text20       000000
__Ltext21                                          text21       000000
__Ltext22                                          text22       000000
__Ltext3                                           text3        000000
__Ltext4                                           text4        000000
__Ltext5                                           text5        000000
__Ltext6                                           text6        000000
__Ltext7                                           text7        000000
__Ltext8                                           text8        000000
__Ltext9                                           text9        000000
__S0                                               (abs)        001AAC
__S1                                               (abs)        00051A
__S4                                               (abs)        000000
__S5                                               (abs)        000000
___heap_hi                                         (abs)        000000
___heap_lo                                         (abs)        000000
___inthi_sp                                        stack        000000
___inthi_stack_hi                                  stack        000000
___inthi_stack_lo                                  stack        000000
___intlo_sp                                        stack        000000
___intlo_stack_hi                                  stack        000000
___intlo_stack_lo                                  stack        000000
___param_bank                                      (abs)        000000
___rparam_used                                     (abs)        000001
___sp                                              stack        000000
___stack_hi                                        stack        000000
___stack_lo                                        stack        000000
__accesstop                                        (abs)        000560
__activetblptr                                     (abs)        000003
__end_of_CLOCK_Initialize                          text17       001A76
__end_of_CMP1_Initialize                           text15       0019D6
__end_of_CMP1_InterruptCallbackRegister            text16       001A62
__end_of_CMP2_Initialize                           text13       0019B8
__end_of_CMP2_InterruptCallbackRegister            text14       001A46
__end_of_DAC2_Initialize                           text12       001A82
__end_of_I2C1_Client                               smallconst   001613
__end_of_I2C1_ERROR_ISR                            text21       001AAC
__end_of_I2C1_ErrorEventHandler                    text22       0017AC
__end_of_I2C1_EventHandler                         text20       0016A0
__end_of_I2C1_ISR                                  text19       001AA6
__end_of_I2C1_Initialize                           text11       00181C
__end_of_INT0_SetInterruptHandler                  text10       001AA0
__end_of_INT1_SetInterruptHandler                  text9        001A96
__end_of_INT2_SetInterruptHandler                  text8        001A8C
__end_of_INTERRUPT_Initialize                      text7        001958
__end_of_INTERRUPT_InterruptManager                text18       00172A
__end_of_PIN_MANAGER_Initialize                    text6        00187E
__end_of_SYSTEM_Initialize                         text1        00197A
__end_of_UART1_FramingErrorCallbackRegister        text5        001A2A
__end_of_UART1_Initialize                          text2        0018DC
__end_of_UART1_OverrunErrorCallbackRegister        text4        001A0E
__end_of_UART1_ParityErrorCallbackRegister         text3        0019F2
__end_of__initialization                           cinit        001994
__end_of_main                                      text0        001924
__initialization                                   cinit        00197A
__mediumconst                                      smallconst   001600
__pbssCOMRAM                                       bssCOMRAM    000501
__pcinit                                           cinit        00197A
__pcstackCOMRAM                                    cstackCOMRAM 000516
__pivt0x8                                          ivt0x8       000008
__psmallconst                                      smallconst   001600
__ptext0                                           text0        0018DC
__ptext1                                           text1        001958
__ptext10                                          text10       001A96
__ptext11                                          text11       0017AC
__ptext12                                          text12       001A76
__ptext13                                          text13       00199A
__ptext14                                          text14       001A2A
__ptext15                                          text15       0019B8
__ptext16                                          text16       001A46
__ptext17                                          text17       001A62
__ptext18                                          text18       0016A0
__ptext19                                          text19       001AA0
__ptext2                                           text2        00187E
__ptext20                                          text20       001614
__ptext21                                          text21       001AA6
__ptext22                                          text22       00172A
__ptext3                                           text3        0019D6
__ptext4                                           text4        0019F2
__ptext5                                           text5        001A0E
__ptext6                                           text6        00181C
__ptext7                                           text7        001924
__ptext8                                           text8        001A82
__ptext9                                           text9        001A8C
__ramtop                                           ramtop       001600
__smallconst                                       smallconst   001600
_i2c1ErrorState                                    bssCOMRAM    000515
_main                                              text0        0018DC
_uart1RxLastError                                  bssCOMRAM    000507
end_of_initialization                              cinit        001994
intlevel0                                          text         000000
intlevel1                                          text         000000
intlevel2                                          text         000000
intlevel3                                          text         000000
isa$std                                            (abs)        000001
isa$xinst                                          (abs)        000000
ivt0x8_base                                        ivt0x8       000008
stackhi                                            (abs)        000000
stacklo                                            (abs)        000000
start                                              init         00001A
start_initialization                               cinit        00197A


MODULE INFORMATION

Module		Function		Class		Link	Load	Size
mcc_generated_files/dac/src/dac2.c
		_DAC2_Initialize		CODE           	1A76	0000	12

mcc_generated_files/dac/src/dac2.c estimated size: 12

mcc_generated_files/system/src/interrupt.c
		_INT0_SetInterruptHandler		CODE           	1A96	0000	10
		_INT1_SetInterruptHandler		CODE           	1A8C	0000	10
		_INT2_SetInterruptHandler		CODE           	1A82	0000	10
		_INTERRUPT_Initialize		CODE           	1924	0000	52
		_INTERRUPT_InterruptManager		CODE           	16A0	0000	138

mcc_generated_files/system/src/interrupt.c estimated size: 220

mcc_generated_files/comparator/src/cmp1.c
		_CMP1_Initialize		CODE           	19B8	0000	30
		_CMP1_InterruptCallbackRegister		CODE           	1A46	0000	28

mcc_generated_files/comparator/src/cmp1.c estimated size: 58

mcc_generated_files/uart/src/uart1.c
		_UART1_FramingErrorCallbackRegister		CODE           	1A0E	0000	28
		_UART1_OverrunErrorCallbackRegister		CODE           	19F2	0000	28
		_UART1_Initialize		CODE           	187E	0000	94
		_UART1_ParityErrorCallbackRegister		CODE           	19D6	0000	28

mcc_generated_files/uart/src/uart1.c estimated size: 178

mcc_generated_files/i2c_client/src/i2c1.c
		_I2C1_ErrorEventHandler		CODE           	172A	0000	130
		_I2C1_ISR      		CODE           	1AA0	0000	6
		_I2C1_EventHandler		CODE           	1614	0000	140
		_I2C1_Initialize		CODE           	17AC	0000	112
		_I2C1_ERROR_ISR		CODE           	1AA6	0000	6

mcc_generated_files/i2c_client/src/i2c1.c estimated size: 394

mcc_generated_files/system/src/pins.c
		_PIN_MANAGER_Initialize		CODE           	181C	0000	98

mcc_generated_files/system/src/pins.c estimated size: 98

shared
		__initialization		CODE           	197A	0000	26
		_I2C1_Client   		SMALLCONST     	1601	0000	18

shared estimated size: 44

mcc_generated_files/system/src/clock.c
		_CLOCK_Initialize		CODE           	1A62	0000	20

mcc_generated_files/system/src/clock.c estimated size: 20

mcc_generated_files/comparator/src/cmp2.c
		_CMP2_Initialize		CODE           	199A	0000	30
		_CMP2_InterruptCallbackRegister		CODE           	1A2A	0000	28

mcc_generated_files/comparator/src/cmp2.c estimated size: 58

main.c
		_main          		CODE           	18DC	0000	72

main.c estimated size: 72

mcc_generated_files/system/src/system.c
		_SYSTEM_Initialize		CODE           	1958	0000	34

mcc_generated_files/system/src/system.c estimated size: 34

