Microchip MPLAB XC8 Compiler V3.00

Linker command line:

-W-3 \
  --edf=/Applications/microchip/mplabx/v6.25/packs/Microchip/PIC18F-Q_DFP/1.27.449/xc8/pic/dat/20250204174324_en.msgs \
  -pivt0x8=08h -cn -h+dist/default/production/rpm-encoder.production.sym \
  --cmf=dist/default/production/rpm-encoder.production.cmf -z -Q18F06Q41 \
  -o/tmp/xcCnLPD98/driver_tmp_3.o --defsym=__MPLAB_BUILD=1 \
  --fixupoverflow=error \
  -Mdist/default/production/rpm-encoder.production.map \
  --md=/tmp/xcCnLPD98/driver_tmp_0.dat -E1 -ver=XC8 Compiler \
  -ACODE=00h-0FFFFh -ACONST=00h-0FFFFh -ASMALLCONST=01600h-016FFhx234 \
  -AMEDIUMCONST=01600h-0FFFFh -ACOMRAM=0501h-055Fh -AABS1=0500h-014FFh \
  -ABIGRAM=0501h-014FFh -ARAM=0560h-05FFh,0600h-06FFhx15 \
  -ABANK5=0560h-05FFh -ABANK6=0600h-06FFh -ABANK7=0700h-07FFh \
  -ABANK8=0800h-08FFh -ABANK9=0900h-09FFh -ABANK10=0A00h-0AFFh \
  -ABANK11=0B00h-0BFFh -ABANK12=0C00h-0CFFh -ABANK13=0D00h-0DFFh \
  -ABANK14=0E00h-0EFFh -ABANK15=0F00h-0FFFh -ABANK16=01000h-010FFh \
  -ABANK17=01100h-011FFh -ABANK18=01200h-012FFh -ABANK19=01300h-013FFh \
  -ABANK20=01400h-014FFh \
  -ASFR=00h-0FFhx4,0400h-045Fh,0460h-04FFh,01500h-015FFh \
  -ABIGSFR=00h-04FFh,01500h-015FFh -ACONFIG=0300000h-0300011h \
  -AIDLOC=0200000h-020003Fh -AEEDATA=0380000h-03801FFh -peeprom_data=EEDATA \
  -preset_vec=00h -ppowerup=CODE,init -pramtop=01600h \
  -psmallconst=SMALLCONST -pmediumconst=MEDIUMCONST -pconst=CONST \
  -AFARRAM=00h-00h \
  -prdata=COMRAM,nvrram=COMRAM,nvbit=COMRAM,rbss=COMRAM,rbit=COMRAM \
  -pfarbss=FARRAM,fardata=FARRAM,nvFARRAM=FARRAM \
  -pintsave_regs=BIGRAM,bigbss=BIGRAM,bigdata=BIGRAM -pbss=RAM \
  -pidata=CODE,irdata=CODE,ibigdata=CODE,ifardata=CODE -prparam=COMRAM \
  /tmp/xcCnLPD98/driver_tmp_9.o \
  dist/default/production/rpm-encoder.production.o 

Object code version is 3.11

Machine type is 18F06Q41



                Name                               Link     Load   Length Selector   Space Scale
/tmp/xcCnLPD98/driver_tmp_9.o
                config                           300000   300000        9        0       4
                init                                 1A       1A        4        4       0
                reset_vec                             0        0        4        0       0
dist/default/production/rpm-encoder.production.o
                config                           300000   300000        9        0       4
                smallconst                         1600     1600       2A      B00       0
                ivt0x8                                8        8       12        4       0
                text51                             209E     209E       16      B15       0
                text50                             1FC2     1FC2       1E      B15       0
                text49                             20D4     20D4        C      B15       0
                text48                             1B30     1B30       76      B15       0
                text47                             2152     2152        2      B15       0
                text46                             1ED0     1ED0       2E      B15       0
                text45                             2088     2088       16      B15       0
                text44                             1FA0     1FA0       22      B15       0
                text43                             1D4A     1D4A       48      B15       0
                text42                             1AB2     1AB2       7E      B15       0
                text41                             2150     2150        2      B15       0
                text40                             1EA2     1EA2       2E      B15       0
                text39                             2146     2146        6      B15       0
                text38                             211A     211A        8      B15       0
                text37                             19A6     19A6      10C      B15       0
                text36                             1898     1898      10E      B15       0
                text35                             2140     2140        6      B15       0
                text34                             162A     162A      144      B15       0
                text33                             213A     213A        6      B15       0
                text32                             214E     214E        2      B15       0
                text31                             2134     2134        6      B15       0
                text30                             1DD0     1DD0       38      B15       0
                text29                             214C     214C        2      B15       0
                text28                             212E     212E        6      B15       0
                text27                             1D92     1D92       3E      B15       0
                text26                             176E     176E      12A      B15       0
                text25                             2112     2112        8      B15       0
                text24                             206C     206C       1C      B15       0
                text23                             20B4     20B4       14      B15       0
                text22                             2050     2050       1C      B15       0
                text21                             1F7A     1F7A       26      B15       0
                text20                             2034     2034       1C      B15       0
                text19                             1F54     1F54       26      B15       0
                text18                             20C8     20C8        C      B15       0
                text17                             1C1A     1C1A       70      B15       0
                text16                             2108     2108        A      B15       0
                text15                             20FE     20FE        A      B15       0
                text14                             20F4     20F4        A      B15       0
                text13                             1E3C     1E3C       34      B15       0
                text12                             1C8A     1C8A       62      B15       0
                text11                             1EFE     1EFE       2C      B15       0
                text10                             1E70     1E70       32      B15       0
                text9                              2018     2018       1C      B15       0
                text8                              1FFC     1FFC       1C      B15       0
                text7                              1FE0     1FE0       1C      B15       0
                text6                              1CEC     1CEC       5E      B15       0
                text5                              1F2A     1F2A       2A      B15       0
                text4                              20EA     20EA        A      B15       0
                text3                              2128     2128        6      B15       0
                text2                              20E0     20E0        A      B15       0
                text1                              2122     2122        6      B15       0
                text0                              1BA6     1BA6       74      B15       0
                cstackCOMRAM                        532      532       18      501       1
                cstackBANK5                         560      560        1      560       1
                bssBANK6                            600      600      100      600       1
                bssCOMRAM                           501      501       31      501       1
                cinit                              1E08     1E08       34      B15       0

TOTAL           Name                               Link     Load   Length     Space
        CLASS   CODE           
                init                                 1A       1A        4         0
                reset_vec                             0        0        4         0
                ivt0x8                                8        8       12         0
                text51                             209E     209E       16         0
                text50                             1FC2     1FC2       1E         0
                text49                             20D4     20D4        C         0
                text48                             1B30     1B30       76         0
                text47                             2152     2152        2         0
                text46                             1ED0     1ED0       2E         0
                text45                             2088     2088       16         0
                text44                             1FA0     1FA0       22         0
                text43                             1D4A     1D4A       48         0
                text42                             1AB2     1AB2       7E         0
                text41                             2150     2150        2         0
                text40                             1EA2     1EA2       2E         0
                text39                             2146     2146        6         0
                text38                             211A     211A        8         0
                text37                             19A6     19A6      10C         0
                text36                             1898     1898      10E         0
                text35                             2140     2140        6         0
                text34                             162A     162A      144         0
                text33                             213A     213A        6         0
                text32                             214E     214E        2         0
                text31                             2134     2134        6         0
                text30                             1DD0     1DD0       38         0
                text29                             214C     214C        2         0
                text28                             212E     212E        6         0
                text27                             1D92     1D92       3E         0
                text26                             176E     176E      12A         0
                text25                             2112     2112        8         0
                text24                             206C     206C       1C         0
                text23                             20B4     20B4       14         0
                text22                             2050     2050       1C         0
                text21                             1F7A     1F7A       26         0
                text20                             2034     2034       1C         0
                text19                             1F54     1F54       26         0
                text18                             20C8     20C8        C         0
                text17                             1C1A     1C1A       70         0
                text16                             2108     2108        A         0
                text15                             20FE     20FE        A         0
                text14                             20F4     20F4        A         0
                text13                             1E3C     1E3C       34         0
                text12                             1C8A     1C8A       62         0
                text11                             1EFE     1EFE       2C         0
                text10                             1E70     1E70       32         0
                text9                              2018     2018       1C         0
                text8                              1FFC     1FFC       1C         0
                text7                              1FE0     1FE0       1C         0
                text6                              1CEC     1CEC       5E         0
                text5                              1F2A     1F2A       2A         0
                text4                              20EA     20EA        A         0
                text3                              2128     2128        6         0
                text2                              20E0     20E0        A         0
                text1                              2122     2122        6         0
                text0                              1BA6     1BA6       74         0
                cinit                              1E08     1E08       34         0

        CLASS   CONST          

        CLASS   SMALLCONST     
                smallconst                         1600     1600       2A         0

        CLASS   MEDIUMCONST    

        CLASS   COMRAM         
                cstackCOMRAM                        532      532       18         1
                bssCOMRAM                           501      501       31         1

        CLASS   ABS1           

        CLASS   BIGRAM         

        CLASS   RAM            

        CLASS   BANK5          
                cstackBANK5                         560      560        1         1

        CLASS   BANK6          
                bssBANK6                            600      600      100         1

        CLASS   BANK7          

        CLASS   BANK8          

        CLASS   BANK9          

        CLASS   BANK10         

        CLASS   BANK11         

        CLASS   BANK12         

        CLASS   BANK13         

        CLASS   BANK14         

        CLASS   BANK15         

        CLASS   BANK16         

        CLASS   BANK17         

        CLASS   BANK18         

        CLASS   BANK19         

        CLASS   BANK20         

        CLASS   SFR            

        CLASS   BIGSFR         

        CLASS   CONFIG         
                config                           300000   300000        9         4

        CLASS   IDLOC          

        CLASS   EEDATA         

        CLASS   FARRAM         

        CLASS   HEAP           

        CLASS   STACK          



SEGMENTS        Name                           Load    Length   Top    Selector   Space  Class

                reset_vec                      000000  000004  000004         0       0  CODE    
                bssBANK6                       000600  000100  000700       600       1  BANK6   
                text34                         00162A  000B2A  002154       B15       0  CODE    
                cstackBANK5                    000560  000001  000561       560       1  BANK5   
                ivt0x8                         000008  000016  00001E         4       0  CODE    
                bssCOMRAM                      000501  000049  00054A       501       1  COMRAM  
                smallconst                     001600  00002A  00162A       B00       0  SMALLCON


UNUSED ADDRESS RANGES

        Name                Unused          Largest block    Delta
        BANK10           000A00-000AFF              100
        BANK11           000B00-000BFF              100
        BANK12           000C00-000CFF              100
        BANK13           000D00-000DFF              100
        BANK14           000E00-000EFF              100
        BANK15           000F00-000FFF              100
        BANK16           001000-0010FF              100
        BANK17           001100-0011FF              100
        BANK18           001200-0012FF              100
        BANK19           001300-0013FF              100
        BANK20           001400-0014FF              100
        BANK5            000561-0005FF               9F
        BANK7            000700-0007FF              100
        BANK8            000800-0008FF              100
        BANK9            000900-0009FF              100
        BIGRAM           00054A-00055F               16
                         000561-0005FF               9F
                         000700-0014FF              E00
        BIGSFR           000000-0004FF              500
                         001500-0015FF              100
        CODE             000004-000007                4
                         00001E-0015FF             15E2
                         002154-00FFFF             DEAC
        COMRAM           00054A-00055F               16
        CONFIG           300009-300011                9
        CONST            000004-000007                4
                         00001E-0015FF             15E2
                         002154-00FFFF             DEAC
        EEDATA           380000-3801FF              200
        IDLOC            200000-20003F               40
        MEDIUMCONST      002154-00FFFF             DEAC
        RAM              000561-0005FF               9F
                         000700-0014FF              100
        SFR              000000-0004FF              100
                         001500-0015FF              100
        SMALLCONST       002154-00FFFF              100

                                  Symbol Table

?_TMR0_CounterGet                                  cstackCOMRAM 000532
?_TMR1_CounterGet                                  cstackCOMRAM 000532
CMP1_InterruptCallbackRegister@callbackHandler     cstackCOMRAM 000548
CMP2_InterruptCallbackRegister@callbackHandler     cstackCOMRAM 000548
DAC2_SetOutput@inputData                           cstackCOMRAM 000548
I2C1_CallbackRegister@callback                     cstackCOMRAM 000548
I2C1_WriteByte@data                                cstackCOMRAM 000532
INT0_SetInterruptHandler@InterruptHandler          cstackCOMRAM 000548
INT1_SetInterruptHandler@InterruptHandler          cstackCOMRAM 000548
INT2_SetInterruptHandler@InterruptHandler          cstackCOMRAM 000548
IVTBASEH                                           (abs)        00045E
IVTBASEL                                           (abs)        00045D
IVTBASEU                                           (abs)        00045F
OnI2CEvent@event                                   cstackCOMRAM 000535
OnI2CEvent@local_capture_left                      cstackCOMRAM 00053E
OnI2CEvent@local_capture_right                     cstackCOMRAM 000542
OnI2CEvent@local_seq_left                          cstackCOMRAM 00053A
OnI2CEvent@local_seq_right                         cstackCOMRAM 00053C
OnI2CEvent@local_timeout_left                      cstackCOMRAM 000536
OnI2CEvent@local_timeout_right                     cstackCOMRAM 000538
TMR0_CounterGet@counterHighByte                    cstackCOMRAM 000539
TMR0_CounterGet@counterLowByte                     cstackCOMRAM 000538
TMR0_CounterGet@counterValue                       cstackCOMRAM 000536
TMR0_CounterSet@counterValue                       cstackCOMRAM 000532
TMR0_OverflowCallbackRegister@callbackHandler      cstackCOMRAM 000548
TMR1_CounterGet@readVal                            cstackCOMRAM 000538
TMR1_CounterGet@readValHigh                        cstackCOMRAM 00053A
TMR1_CounterGet@readValLow                         cstackCOMRAM 00053B
TMR1_CounterSet@onState                            cstackCOMRAM 000536
TMR1_CounterSet@timerVal                           cstackCOMRAM 000532
TMR1_OverflowCallbackRegister@CallbackHandler      cstackCOMRAM 000548
UART1_FramingErrorCallbackRegister@callbackHandler cstackCOMRAM 000548
UART1_OverrunErrorCallbackRegister@callbackHandler cstackCOMRAM 000548
UART1_ParityErrorCallbackRegister@callbackHandler  cstackCOMRAM 000548
_ACTCON                                            (abs)        0000AC
_ANSELA                                            (abs)        000400
_ANSELC                                            (abs)        000410
_CLOCK_Initialize                                  text23       0020B4
_CM1CON0                                           (abs)        000070
_CM1CON0bits                                       (abs)        000070
_CM1CON1                                           (abs)        000071
_CM1NCH                                            (abs)        000072
_CM1PCH                                            (abs)        000073
_CM2CON0                                           (abs)        000074
_CM2CON0bits                                       (abs)        000074
_CM2CON1                                           (abs)        000075
_CM2NCH                                            (abs)        000076
_CM2PCH                                            (abs)        000077
_CMP1_DefaultInterruptCallback                     text47       002152
_CMP1_GetOutputStatus                              text51       00209E
_CMP1_ISR                                          text46       001ED0
_CMP1_Initialize                                   text21       001F7A
_CMP1_InterruptCallbackRegister                    text22       002050
_CMP1_InterruptHandler                             bssCOMRAM    00052B
_CMP2_DefaultInterruptCallback                     text41       002150
_CMP2_GetOutputStatus                              text45       002088
_CMP2_ISR                                          text40       001EA2
_CMP2_Initialize                                   text19       001F54
_CMP2_InterruptCallbackRegister                    text20       002034
_CMP2_InterruptHandler                             bssCOMRAM    000529
_DAC2CON                                           (abs)        0000A2
_DAC2DATL                                          (abs)        0000A0
_DAC2_Initialize                                   text18       0020C8
_DAC2_SetOutput                                    text25       002112
_I2C1ADB0                                          (abs)        00028E
_I2C1ADR0                                          (abs)        000290
_I2C1ADR1                                          (abs)        000291
_I2C1ADR2                                          (abs)        000292
_I2C1ADR3                                          (abs)        000293
_I2C1BAUD                                          (abs)        00029D
_I2C1CNTH                                          (abs)        00028D
_I2C1CNTL                                          (abs)        00028C
_I2C1CON0                                          (abs)        000294
_I2C1CON0bits                                      (abs)        000294
_I2C1CON1                                          (abs)        000295
_I2C1CON1bits                                      (abs)        000295
_I2C1CON2                                          (abs)        000296
_I2C1ERR                                           (abs)        000297
_I2C1ERRbits                                       (abs)        000297
_I2C1PIEbits                                       (abs)        00029B
_I2C1PIRbits                                       (abs)        00029A
_I2C1RXB                                           (abs)        00028A
_I2C1SCLPPS                                        (abs)        000271
_I2C1SDAPPS                                        (abs)        000270
_I2C1STAT0                                         (abs)        000298
_I2C1STAT0bits                                     (abs)        000298
_I2C1STAT1bits                                     (abs)        000299
_I2C1TXB                                           (abs)        00028B
_I2C1_CallbackRegister                             text24       00206C
_I2C1_Client                                       smallconst   001617
_I2C1_Deinitialize                                 (abs)        000000
_I2C1_ERROR_ISR                                    text35       002140
_I2C1_ErrorEventHandler                            text36       001898
_I2C1_ErrorGet                                     (abs)        000000
_I2C1_EventHandler                                 text34       00162A
_I2C1_ISR                                          text33       00213A
_I2C1_Initialize                                   text17       001C1A
_I2C1_InterruptHandler                             bssCOMRAM    000527
_I2C1_LastByteAckStatusGet                         (abs)        000000
_I2C1_ReadByte                                     text39       002146
_I2C1_TransferDirGet                               (abs)        000000
_I2C1_WriteByte                                    text38       00211A
_INLVLA                                            (abs)        000404
_INLVLC                                            (abs)        000414
_INT0_DefaultInterruptHandler                      (abs)        000000
_INT0_InterruptHandler                             bssCOMRAM    000525
_INT0_SetInterruptHandler                          text16       002108
_INT1_DefaultInterruptHandler                      (abs)        000000
_INT1_InterruptHandler                             bssCOMRAM    000523
_INT1_SetInterruptHandler                          text15       0020FE
_INT2_DefaultInterruptHandler                      (abs)        000000
_INT2_InterruptHandler                             bssCOMRAM    000521
_INT2_SetInterruptHandler                          text14       0020F4
_INTCON0bits                                       (abs)        0004D6
_INTERRUPT_Initialize                              text13       001E3C
_INTERRUPT_InterruptManager                        text26       00176E
_IOCAF                                             (abs)        000407
_IOCAN                                             (abs)        000406
_IOCAP                                             (abs)        000405
_IOCCF                                             (abs)        000417
_IOCCN                                             (abs)        000416
_IOCCP                                             (abs)        000415
_LATA                                              (abs)        0004BE
_LATC                                              (abs)        0004C0
_ODCONA                                            (abs)        000402
_ODCONC                                            (abs)        000412
_OSCCON1                                           (abs)        0000AD
_OSCCON3                                           (abs)        0000AF
_OSCEN                                             (abs)        0000B3
_OSCFRQ                                            (abs)        0000B1
_OSCTUNE                                           (abs)        0000B0
_OnCmp1Edge                                        text48       001B30
_OnCmp2Edge                                        text42       001AB2
_OnI2CEvent                                        text37       0019A6
_OnTimer0Overflow                                  text31       002134
_OnTimer1Overflow                                  text28       00212E
_PIE1bits                                          (abs)        0004A9
_PIE3bits                                          (abs)        0004AB
_PIE5bits                                          (abs)        0004AD
_PIE7bits                                          (abs)        0004AF
_PIN_MANAGER_Initialize                            text12       001C8A
_PIR10bits                                         (abs)        0004BD
_PIR1bits                                          (abs)        0004B4
_PIR3bits                                          (abs)        0004B6
_PIR5bits                                          (abs)        0004B8
_PIR6bits                                          (abs)        0004B9
_PIR7bits                                          (abs)        0004BA
_RA5PPS                                            (abs)        000206
_RC0I2C                                            (abs)        000289
_RC0PPS                                            (abs)        000211
_RC1I2C                                            (abs)        000288
_RC1PPS                                            (abs)        000212
_SLRCONA                                           (abs)        000403
_SLRCONC                                           (abs)        000413
_SYSTEM_Initialize                                 text5        001F2A
_T0CON0                                            (abs)        00031A
_T0CON0bits                                        (abs)        00031A
_T0CON1                                            (abs)        00031B
_T1CLK                                             (abs)        000317
_T1CON                                             (abs)        000314
_T1CONbits                                         (abs)        000314
_T1GATE                                            (abs)        000316
_T1GCON                                            (abs)        000315
_TMR0H                                             (abs)        000319
_TMR0L                                             (abs)        000318
_TMR0_CounterGet                                   text50       001FC2
_TMR0_CounterSet                                   text49       0020D4
_TMR0_DefaultCallback                              text32       00214E
_TMR0_ISR                                          text30       001DD0
_TMR0_Initialize                                   text11       001EFE
_TMR0_OverflowCallback                             bssCOMRAM    000509
_TMR0_OverflowCallbackRegister                     text4        0020EA
_TMR0_Start                                        text3        002128
_TMR1H                                             (abs)        000313
_TMR1L                                             (abs)        000312
_TMR1_CounterGet                                   text44       001FA0
_TMR1_CounterSet                                   text43       001D4A
_TMR1_DefaultOverflowCallback                      text29       00214C
_TMR1_Deinitialize                                 (abs)        000000
_TMR1_Initialize                                   text10       001E70
_TMR1_MaxCountGet                                  (abs)        000000
_TMR1_OverflowCallback                             bssCOMRAM    00051D
_TMR1_OverflowCallbackRegister                     text2        0020E0
_TMR1_OverflowISR                                  text27       001D92
_TMR1_PeriodGet                                    (abs)        000000
_TMR1_PeriodSet                                    (abs)        000000
_TMR1_Start                                        text1        002122
_TMR1_Stop                                         (abs)        000000
_TRISA                                             (abs)        0004C6
_TRISC                                             (abs)        0004C8
_Timer1                                            smallconst   001601
_U1BRGH                                            (abs)        0002AF
_U1BRGL                                            (abs)        0002AE
_U1CON0                                            (abs)        0002AB
_U1CON0bits                                        (abs)        0002AB
_U1CON1                                            (abs)        0002AC
_U1CON1bits                                        (abs)        0002AC
_U1CON2                                            (abs)        0002AD
_U1ERRIE                                           (abs)        0002B3
_U1ERRIR                                           (abs)        0002B2
_U1ERRIRbits                                       (abs)        0002B2
_U1FIFO                                            (abs)        0002B0
_U1FIFObits                                        (abs)        0002B0
_U1P1H                                             (abs)        0002A6
_U1P1L                                             (abs)        0002A5
_U1P2H                                             (abs)        0002A8
_U1P2L                                             (abs)        0002A7
_U1P3H                                             (abs)        0002AA
_U1P3L                                             (abs)        0002A9
_U1RXB                                             (abs)        0002A1
_U1RXCHK                                           (abs)        0002A2
_U1RXPPS                                           (abs)        000272
_U1TXB                                             (abs)        0002A3
_U1TXCHK                                           (abs)        0002A4
_U1UIR                                             (abs)        0002B1
_U1UIRbits                                         (abs)        0002B1
_UART1_DefaultFramingErrorCallback                 (abs)        000000
_UART1_DefaultOverrunErrorCallback                 (abs)        000000
_UART1_DefaultParityErrorCallback                  (abs)        000000
_UART1_FramingErrorCallbackRegister                text9        002018
_UART1_FramingErrorHandler                         bssCOMRAM    000519
_UART1_Initialize                                  text6        001CEC
_UART1_OverrunErrorCallbackRegister                text8        001FFC
_UART1_OverrunErrorHandler                         bssCOMRAM    000517
_UART1_ParityErrorCallbackRegister                 text7        001FE0
_UART1_ParityErrorHandler                          bssCOMRAM    000515
_WPUA                                              (abs)        000401
_WPUC                                              (abs)        000411
__HRAM                                             (abs)        000000
__H__absolute__                                    __absolute__ 000000
__Habs1                                            abs1         000000
__Hbank10                                          bank10       000000
__Hbank11                                          bank11       000000
__Hbank12                                          bank12       000000
__Hbank13                                          bank13       000000
__Hbank14                                          bank14       000000
__Hbank15                                          bank15       000000
__Hbank16                                          bank16       000000
__Hbank17                                          bank17       000000
__Hbank18                                          bank18       000000
__Hbank19                                          bank19       000000
__Hbank20                                          bank20       000000
__Hbank5                                           bank5        000000
__Hbank6                                           bank6        000000
__Hbank7                                           bank7        000000
__Hbank8                                           bank8        000000
__Hbank9                                           bank9        000000
__Hbigbss                                          bigbss       000000
__Hbigdata                                         bigdata      000000
__Hbigram                                          bigram       000000
__Hbigsfr                                          bigsfr       000000
__Hbss                                             bss          000000
__HbssBANK6                                        bssBANK6     000000
__HbssCOMRAM                                       bssCOMRAM    000000
__Hcinit                                           cinit        000000
__Hclrtext                                         clrtext      000000
__Hcomram                                          comram       000000
__Hconfig                                          config       300009
__Hconst                                           const        000000
__HcstackBANK5                                     cstackBANK5  000000
__HcstackCOMRAM                                    cstackCOMRAM 000000
__Hdata                                            data         000000
__Heeprom_data                                     eeprom_data  000000
__Hfarbss                                          farbss       000000
__Hfardata                                         fardata      000000
__Hheap                                            heap         000000
__Hibigdata                                        ibigdata     000000
__Hidata                                           idata        000000
__Hidloc                                           idloc        000000
__Hifardata                                        ifardata     000000
__Hinit                                            init         00001E
__Hintsave_regs                                    intsave_regs 000000
__Hirdata                                          irdata       000000
__Hivt0x8                                          ivt0x8       00001A
__Hmediumconst                                     mediumconst  000000
__HnvFARRAM                                        nvFARRAM     000000
__Hnvbit                                           nvbit        000000
__Hnvrram                                          nvrram       000000
__Hparam                                           rparam       000000
__Hpowerup                                         powerup      000000
__Hram                                             ram          000000
__Hramtop                                          ramtop       001600
__Hrbit                                            rbit         000000
__Hrbss                                            rbss         000000
__Hrdata                                           rdata        000000
__Hreset_vec                                       reset_vec    000004
__Hrparam                                          rparam       000000
__Hsfr                                             sfr          000000
__Hsmallconst                                      smallconst   00162A
__Hspace_0                                         (abs)        002154
__Hspace_1                                         (abs)        000700
__Hspace_2                                         (abs)        000000
__Hspace_4                                         (abs)        600009
__Hstack                                           stack        000000
__Hstruct                                          struct       000000
__Htemp                                            temp         000000
__Htext                                            text         000000
__Htext0                                           text0        000000
__Htext1                                           text1        000000
__Htext10                                          text10       000000
__Htext11                                          text11       000000
__Htext12                                          text12       000000
__Htext13                                          text13       000000
__Htext14                                          text14       000000
__Htext15                                          text15       000000
__Htext16                                          text16       000000
__Htext17                                          text17       000000
__Htext18                                          text18       000000
__Htext19                                          text19       000000
__Htext2                                           text2        000000
__Htext20                                          text20       000000
__Htext21                                          text21       000000
__Htext22                                          text22       000000
__Htext23                                          text23       000000
__Htext24                                          text24       000000
__Htext25                                          text25       000000
__Htext26                                          text26       000000
__Htext27                                          text27       000000
__Htext28                                          text28       000000
__Htext29                                          text29       000000
__Htext3                                           text3        000000
__Htext30                                          text30       000000
__Htext31                                          text31       000000
__Htext32                                          text32       000000
__Htext33                                          text33       000000
__Htext34                                          text34       000000
__Htext35                                          text35       000000
__Htext36                                          text36       000000
__Htext37                                          text37       000000
__Htext38                                          text38       000000
__Htext39                                          text39       000000
__Htext4                                           text4        000000
__Htext40                                          text40       000000
__Htext41                                          text41       000000
__Htext42                                          text42       000000
__Htext43                                          text43       000000
__Htext44                                          text44       000000
__Htext45                                          text45       000000
__Htext46                                          text46       000000
__Htext47                                          text47       000000
__Htext48                                          text48       000000
__Htext49                                          text49       000000
__Htext5                                           text5        000000
__Htext50                                          text50       000000
__Htext51                                          text51       000000
__Htext6                                           text6        000000
__Htext7                                           text7        000000
__Htext8                                           text8        000000
__Htext9                                           text9        000000
__LRAM                                             (abs)        000001
__L__absolute__                                    __absolute__ 000000
__Labs1                                            abs1         000000
__Lbank10                                          bank10       000000
__Lbank11                                          bank11       000000
__Lbank12                                          bank12       000000
__Lbank13                                          bank13       000000
__Lbank14                                          bank14       000000
__Lbank15                                          bank15       000000
__Lbank16                                          bank16       000000
__Lbank17                                          bank17       000000
__Lbank18                                          bank18       000000
__Lbank19                                          bank19       000000
__Lbank20                                          bank20       000000
__Lbank5                                           bank5        000000
__Lbank6                                           bank6        000000
__Lbank7                                           bank7        000000
__Lbank8                                           bank8        000000
__Lbank9                                           bank9        000000
__Lbigbss                                          bigbss       000000
__Lbigdata                                         bigdata      000000
__Lbigram                                          bigram       000000
__Lbigsfr                                          bigsfr       000000
__Lbss                                             bss          000000
__LbssBANK6                                        bssBANK6     000000
__LbssCOMRAM                                       bssCOMRAM    000000
__Lcinit                                           cinit        000000
__Lclrtext                                         clrtext      000000
__Lcomram                                          comram       000000
__Lconfig                                          config       000000
__Lconst                                           const        000000
__LcstackBANK5                                     cstackBANK5  000000
__LcstackCOMRAM                                    cstackCOMRAM 000000
__Ldata                                            data         000000
__Leeprom_data                                     eeprom_data  000000
__Lfarbss                                          farbss       000000
__Lfardata                                         fardata      000000
__Lheap                                            heap         000000
__Libigdata                                        ibigdata     000000
__Lidata                                           idata        000000
__Lidloc                                           idloc        000000
__Lifardata                                        ifardata     000000
__Linit                                            init         00001A
__Lintsave_regs                                    intsave_regs 000000
__Lirdata                                          irdata       000000
__Livt0x8                                          ivt0x8       000008
__Lmediumconst                                     mediumconst  000000
__LnvFARRAM                                        nvFARRAM     000000
__Lnvbit                                           nvbit        000000
__Lnvrram                                          nvrram       000000
__Lparam                                           rparam       000000
__Lpowerup                                         powerup      000000
__Lram                                             ram          000000
__Lramtop                                          ramtop       001600
__Lrbit                                            rbit         000000
__Lrbss                                            rbss         000000
__Lrdata                                           rdata        000000
__Lreset_vec                                       reset_vec    000000
__Lrparam                                          rparam       000000
__Lsfr                                             sfr          000000
__Lsmallconst                                      smallconst   001600
__Lspace_0                                         (abs)        000000
__Lspace_1                                         (abs)        000000
__Lspace_2                                         (abs)        000000
__Lspace_4                                         (abs)        000000
__Lstack                                           stack        000000
__Lstruct                                          struct       000000
__Ltemp                                            temp         000000
__Ltext                                            text         000000
__Ltext0                                           text0        000000
__Ltext1                                           text1        000000
__Ltext10                                          text10       000000
__Ltext11                                          text11       000000
__Ltext12                                          text12       000000
__Ltext13                                          text13       000000
__Ltext14                                          text14       000000
__Ltext15                                          text15       000000
__Ltext16                                          text16       000000
__Ltext17                                          text17       000000
__Ltext18                                          text18       000000
__Ltext19                                          text19       000000
__Ltext2                                           text2        000000
__Ltext20                                          text20       000000
__Ltext21                                          text21       000000
__Ltext22                                          text22       000000
__Ltext23                                          text23       000000
__Ltext24                                          text24       000000
__Ltext25                                          text25       000000
__Ltext26                                          text26       000000
__Ltext27                                          text27       000000
__Ltext28                                          text28       000000
__Ltext29                                          text29       000000
__Ltext3                                           text3        000000
__Ltext30                                          text30       000000
__Ltext31                                          text31       000000
__Ltext32                                          text32       000000
__Ltext33                                          text33       000000
__Ltext34                                          text34       000000
__Ltext35                                          text35       000000
__Ltext36                                          text36       000000
__Ltext37                                          text37       000000
__Ltext38                                          text38       000000
__Ltext39                                          text39       000000
__Ltext4                                           text4        000000
__Ltext40                                          text40       000000
__Ltext41                                          text41       000000
__Ltext42                                          text42       000000
__Ltext43                                          text43       000000
__Ltext44                                          text44       000000
__Ltext45                                          text45       000000
__Ltext46                                          text46       000000
__Ltext47                                          text47       000000
__Ltext48                                          text48       000000
__Ltext49                                          text49       000000
__Ltext5                                           text5        000000
__Ltext50                                          text50       000000
__Ltext51                                          text51       000000
__Ltext6                                           text6        000000
__Ltext7                                           text7        000000
__Ltext8                                           text8        000000
__Ltext9                                           text9        000000
__S0                                               (abs)        002154
__S1                                               (abs)        000700
__S4                                               (abs)        000000
__S5                                               (abs)        000000
___heap_hi                                         (abs)        000000
___heap_lo                                         (abs)        000000
___inthi_sp                                        stack        000000
___inthi_stack_hi                                  stack        000000
___inthi_stack_lo                                  stack        000000
___intlo_sp                                        stack        000000
___intlo_stack_hi                                  stack        000000
___intlo_stack_lo                                  stack        000000
___param_bank                                      (abs)        000000
___rparam_used                                     (abs)        000001
___sp                                              stack        000000
___stack_hi                                        stack        000000
___stack_lo                                        stack        000000
__accesstop                                        (abs)        000560
__activetblptr                                     (abs)        000003
__end_of_CLOCK_Initialize                          text23       0020C8
__end_of_CMP1_DefaultInterruptCallback             text47       002154
__end_of_CMP1_GetOutputStatus                      text51       0020B4
__end_of_CMP1_ISR                                  text46       001EFE
__end_of_CMP1_Initialize                           text21       001FA0
__end_of_CMP1_InterruptCallbackRegister            text22       00206C
__end_of_CMP2_DefaultInterruptCallback             text41       002152
__end_of_CMP2_GetOutputStatus                      text45       00209E
__end_of_CMP2_ISR                                  text40       001ED0
__end_of_CMP2_Initialize                           text19       001F7A
__end_of_CMP2_InterruptCallbackRegister            text20       002050
__end_of_DAC2_Initialize                           text18       0020D4
__end_of_DAC2_SetOutput                            text25       00211A
__end_of_I2C1_CallbackRegister                     text24       002088
__end_of_I2C1_Client                               smallconst   001629
__end_of_I2C1_ERROR_ISR                            text35       002146
__end_of_I2C1_ErrorEventHandler                    text36       0019A6
__end_of_I2C1_EventHandler                         text34       00176E
__end_of_I2C1_ISR                                  text33       002140
__end_of_I2C1_Initialize                           text17       001C8A
__end_of_I2C1_ReadByte                             text39       00214C
__end_of_I2C1_WriteByte                            text38       002122
__end_of_INT0_SetInterruptHandler                  text16       002112
__end_of_INT1_SetInterruptHandler                  text15       002108
__end_of_INT2_SetInterruptHandler                  text14       0020FE
__end_of_INTERRUPT_Initialize                      text13       001E70
__end_of_INTERRUPT_InterruptManager                text26       001898
__end_of_OnCmp1Edge                                text48       001BA6
__end_of_OnCmp2Edge                                text42       001B30
__end_of_OnI2CEvent                                text37       001AB2
__end_of_OnTimer0Overflow                          text31       00213A
__end_of_OnTimer1Overflow                          text28       002134
__end_of_PIN_MANAGER_Initialize                    text12       001CEC
__end_of_SYSTEM_Initialize                         text5        001F54
__end_of_TMR0_CounterGet                           text50       001FE0
__end_of_TMR0_CounterSet                           text49       0020E0
__end_of_TMR0_DefaultCallback                      text32       002150
__end_of_TMR0_ISR                                  text30       001E08
__end_of_TMR0_Initialize                           text11       001F2A
__end_of_TMR0_OverflowCallbackRegister             text4        0020F4
__end_of_TMR0_Start                                text3        00212E
__end_of_TMR1_CounterGet                           text44       001FC2
__end_of_TMR1_CounterSet                           text43       001D92
__end_of_TMR1_DefaultOverflowCallback              text29       00214E
__end_of_TMR1_Initialize                           text10       001EA2
__end_of_TMR1_OverflowCallbackRegister             text2        0020EA
__end_of_TMR1_OverflowISR                          text27       001DD0
__end_of_TMR1_Start                                text1        002128
__end_of_Timer1                                    smallconst   001617
__end_of_UART1_FramingErrorCallbackRegister        text9        002034
__end_of_UART1_Initialize                          text6        001D4A
__end_of_UART1_OverrunErrorCallbackRegister        text8        002018
__end_of_UART1_ParityErrorCallbackRegister         text7        001FFC
__end_of__initialization                           cinit        001E36
__end_of_main                                      text0        001C1A
__initialization                                   cinit        001E08
__mediumconst                                      smallconst   001600
__pbssBANK6                                        bssBANK6     000600
__pbssCOMRAM                                       bssCOMRAM    000501
__pcinit                                           cinit        001E08
__pcstackBANK5                                     cstackBANK5  000560
__pcstackCOMRAM                                    cstackCOMRAM 000532
__pivt0x8                                          ivt0x8       000008
__psmallconst                                      smallconst   001600
__ptext0                                           text0        001BA6
__ptext1                                           text1        002122
__ptext10                                          text10       001E70
__ptext11                                          text11       001EFE
__ptext12                                          text12       001C8A
__ptext13                                          text13       001E3C
__ptext14                                          text14       0020F4
__ptext15                                          text15       0020FE
__ptext16                                          text16       002108
__ptext17                                          text17       001C1A
__ptext18                                          text18       0020C8
__ptext19                                          text19       001F54
__ptext2                                           text2        0020E0
__ptext20                                          text20       002034
__ptext21                                          text21       001F7A
__ptext22                                          text22       002050
__ptext23                                          text23       0020B4
__ptext24                                          text24       00206C
__ptext25                                          text25       002112
__ptext26                                          text26       00176E
__ptext27                                          text27       001D92
__ptext28                                          text28       00212E
__ptext29                                          text29       00214C
__ptext3                                           text3        002128
__ptext30                                          text30       001DD0
__ptext31                                          text31       002134
__ptext32                                          text32       00214E
__ptext33                                          text33       00213A
__ptext34                                          text34       00162A
__ptext35                                          text35       002140
__ptext36                                          text36       001898
__ptext37                                          text37       0019A6
__ptext38                                          text38       00211A
__ptext39                                          text39       002146
__ptext4                                           text4        0020EA
__ptext40                                          text40       001EA2
__ptext41                                          text41       002150
__ptext42                                          text42       001AB2
__ptext43                                          text43       001D4A
__ptext44                                          text44       001FA0
__ptext45                                          text45       002088
__ptext46                                          text46       001ED0
__ptext47                                          text47       002152
__ptext48                                          text48       001B30
__ptext49                                          text49       0020D4
__ptext5                                           text5        001F2A
__ptext50                                          text50       001FC2
__ptext51                                          text51       00209E
__ptext6                                           text6        001CEC
__ptext7                                           text7        001FE0
__ptext8                                           text8        001FFC
__ptext9                                           text9        002018
__ramtop                                           ramtop       001600
__smallconst                                       smallconst   001600
_current_register                                  bssCOMRAM    00052E
_edge_detected_left                                bssCOMRAM    000530
_edge_detected_right                               bssCOMRAM    00052F
_i2c1ErrorState                                    bssCOMRAM    000531
_last_timer_capture_left                           bssCOMRAM    000505
_last_timer_capture_right                          bssCOMRAM    000501
_main                                              text0        001BA6
_register_map                                      bssBANK6     000600
_register_received                                 bssCOMRAM    00052D
_sequence_number_left                              bssCOMRAM    00050F
_sequence_number_right                             bssCOMRAM    00050D
_timeout_count_left                                bssCOMRAM    000513
_timeout_count_right                               bssCOMRAM    000511
_timer1ReloadVal                                   bssCOMRAM    00051F
_tmr0PeriodCount                                   bssCOMRAM    00050B
_uart1RxLastError                                  bssCOMRAM    00051B
end_of_initialization                              cinit        001E36
intlevel0                                          text         000000
intlevel1                                          text         000000
intlevel2                                          text         000000
intlevel3                                          text         000000
isa$std                                            (abs)        000001
isa$xinst                                          (abs)        000000
ivt0x8_base                                        ivt0x8       000008
stackhi                                            (abs)        000000
stacklo                                            (abs)        000000
start                                              init         00001A
start_initialization                               cinit        001E08


MODULE INFORMATION

Module		Function		Class		Link	Load	Size
mcc_generated_files/dac/src/dac2.c
		_DAC2_SetOutput		CODE           	2112	0000	8
		_DAC2_Initialize		CODE           	20C8	0000	12

mcc_generated_files/dac/src/dac2.c estimated size: 20

mcc_generated_files/timer/src/tmr1.c
		_TMR1_Initialize		CODE           	1E70	0000	50
		_TMR1_Start    		CODE           	2122	0000	6
		_TMR1_OverflowCallbackRegister		CODE           	20E0	0000	10
		_TMR1_DefaultOverflowCallback		CODE           	214C	0000	2
		_TMR1_CounterGet		CODE           	1FA0	0000	34
		_TMR1_CounterSet		CODE           	1D4A	0000	72
		_TMR1_OverflowISR		CODE           	1D92	0000	62

mcc_generated_files/timer/src/tmr1.c estimated size: 236

mcc_generated_files/system/src/interrupt.c
		_INT0_SetInterruptHandler		CODE           	2108	0000	10
		_INT1_SetInterruptHandler		CODE           	20FE	0000	10
		_INT2_SetInterruptHandler		CODE           	20F4	0000	10
		_INTERRUPT_Initialize		CODE           	1E3C	0000	52
		_INTERRUPT_InterruptManager		CODE           	176E	0000	298

mcc_generated_files/system/src/interrupt.c estimated size: 380

mcc_generated_files/comparator/src/cmp1.c
		_CMP1_DefaultInterruptCallback		CODE           	2152	0000	2
		_CMP1_ISR      		CODE           	1ED0	0000	46
		_CMP1_Initialize		CODE           	1F7A	0000	38
		_CMP1_InterruptCallbackRegister		CODE           	2050	0000	28
		_CMP1_GetOutputStatus		CODE           	209E	0000	22

mcc_generated_files/comparator/src/cmp1.c estimated size: 136

mcc_generated_files/uart/src/uart1.c
		_UART1_FramingErrorCallbackRegister		CODE           	2018	0000	28
		_UART1_OverrunErrorCallbackRegister		CODE           	1FFC	0000	28
		_UART1_Initialize		CODE           	1CEC	0000	94
		_UART1_ParityErrorCallbackRegister		CODE           	1FE0	0000	28

mcc_generated_files/uart/src/uart1.c estimated size: 178

mcc_generated_files/i2c_client/src/i2c1.c
		_I2C1_ErrorEventHandler		CODE           	1898	0000	270
		_I2C1_CallbackRegister		CODE           	206C	0000	28
		_I2C1_ReadByte 		CODE           	2146	0000	6
		_I2C1_ISR      		CODE           	213A	0000	6
		_I2C1_EventHandler		CODE           	162A	0000	324
		_I2C1_Initialize		CODE           	1C1A	0000	112
		_I2C1_ERROR_ISR		CODE           	2140	0000	6
		_I2C1_WriteByte		CODE           	211A	0000	8

mcc_generated_files/i2c_client/src/i2c1.c estimated size: 760

mcc_generated_files/system/src/pins.c
		_PIN_MANAGER_Initialize		CODE           	1C8A	0000	98

mcc_generated_files/system/src/pins.c estimated size: 98

shared
		_Timer1        		SMALLCONST     	1601	0000	22
		__initialization		CODE           	1E08	0000	46
		_I2C1_Client   		SMALLCONST     	1617	0000	18

shared estimated size: 86

mcc_generated_files/system/src/clock.c
		_CLOCK_Initialize		CODE           	20B4	0000	20

mcc_generated_files/system/src/clock.c estimated size: 20

mcc_generated_files/timer/src/tmr0.c
		_TMR0_DefaultCallback		CODE           	214E	0000	2
		_TMR0_OverflowCallbackRegister		CODE           	20EA	0000	10
		_TMR0_CounterGet		CODE           	1FC2	0000	30
		_TMR0_CounterSet		CODE           	20D4	0000	12
		_TMR0_ISR      		CODE           	1DD0	0000	56
		_TMR0_Initialize		CODE           	1EFE	0000	44
		_TMR0_Start    		CODE           	2128	0000	6

mcc_generated_files/timer/src/tmr0.c estimated size: 160

mcc_generated_files/comparator/src/cmp2.c
		_CMP2_GetOutputStatus		CODE           	2088	0000	22
		_CMP2_DefaultInterruptCallback		CODE           	2150	0000	2
		_CMP2_ISR      		CODE           	1EA2	0000	46
		_CMP2_Initialize		CODE           	1F54	0000	38
		_CMP2_InterruptCallbackRegister		CODE           	2034	0000	28

mcc_generated_files/comparator/src/cmp2.c estimated size: 136

main.c
		_OnTimer0Overflow		CODE           	2134	0000	6
		_OnTimer1Overflow		CODE           	212E	0000	6
		_OnCmp1Edge    		CODE           	1B30	0000	118
		_OnI2CEvent    		CODE           	19A6	0000	268
		_main          		CODE           	1BA6	0000	116
		_OnCmp2Edge    		CODE           	1AB2	0000	126

main.c estimated size: 640

mcc_generated_files/system/src/system.c
		_SYSTEM_Initialize		CODE           	1F2A	0000	42

mcc_generated_files/system/src/system.c estimated size: 42

